[
  "NServiceBus.CustomChecks.CustomChecksFeature",
  "NServiceBus.CustomChecks.Queue"
]