[
  "NServiceBus.Heartbeat.HeartbeatsFeature",
  "NServiceBus.Heartbeat.Queue"
]