[
  "NServiceBus.Features.SagaAuditFeature",
  "NServiceBus.SagaAudit.Queue"
]