[
  "NServiceBus.Metrics.MetricsFeature",
  "NServiceBus.MetricsOptions"
]